(protemu-cli(version 1)(line 2)(command"load examples/p3.4-echo.pimg")(status ok)(cycle 11)(value((words 3)(started_cycle 1)(completed_cycle 11))))
(protemu-cli(version 1)(line 3)(command run)(status ok)(cycle 12)(value((operation run)(accepted_cycle 12)(completed false)(completed_cycle()))))
(protemu-cli(version 1)(line 4)(command"tx 0 0xa5")(status ok)(cycle 13)(value((requested 1)(transferred 1)(data())(cycles 1)(outcome Complete))))
(protemu-cli(version 1)(line 5)(command"wait-halted 32")(status ok)(cycle 18)(value((cycle 18)(halted true)(execution_active false)(normal_halt true)(pc 2)(phase 0)(registers(165 0 0 0 0 0 0 0))(zero false)(carry false)(negative false)(descriptor_words(0 0 0 9 9 9 0 0 0))(events 0)(event_overflow 0)(pins 0)(pin_output_enable 0)(pin_snapshot 0)(tx_count 1)(rx_count 0)(fetch_cycles 3)(execute_cycles 3)(stall_cycles 0)(instruction_count 3)(extension_fetches 0)(total_cycles 6)(image((valid true)(load_active false)(length_words 3)(words_written 3)(words_verified 3)(verification_failed false)))(engine((idle true)(timing_busy false)(transfer_busy false)(transfer_done false)(transfer_fault false)(software_claims 0)(engine_claims 0)))(fault((fetch_fault false)(execution_fault false)(kind 0)(instruction_slot 0)(address 0)(reason 0))))))
(protemu-cli(version 1)(line 6)(command"expect-error transfer_timeout rx 2 1")(status ok)(cycle 20)(value(transfer_timeout(Transfer_incomplete(queue host-rx)(requested 2)(transferred 1)(data(165))(outcome Timed_out)))))
