PASS clock, source-list, and target configuration conflicts
/tmp/protemu-adopted-0yor1qx3/first 85729c18ca404a4b45dd8b1e97ea5833ad3677614b2064b222b38e9c17f575fe
/tmp/protemu-adopted-0yor1qx3/second 85729c18ca404a4b45dd8b1e97ea5833ad3677614b2064b222b38e9c17f575fe
PASS p0 wrapper reset/disable/pin/timer trace
/test/tb.v:108: $finish called at 144000 (1ps)
PASS p0 wrapper reset/disable/pin/timer trace
/test/tb.v:108: $finish called at 144000 (1ps)
- V e r i l a t i o n   R e p o r t: Verilator 5.046 2026-02-28 rev v5.046
- Verilator: Built from 0.044 MB sources in 2 modules, into 0.042 MB in 3 C++ files needing 0.000 MB
- Verilator: Walltime 0.008 s (elab=0.001, cvt=0.004, bld=0.000); cpu 0.008 s on 1 threads; allocated 20.875 MB

 /----------------------------------------------------------------------------\
 |  yosys -- Yosys Open SYnthesis Suite                                       |
 |  Copyright (C) 2012 - 2026  Claire Xenia Wolf <claire@yosyshq.com>         |
 |  Distributed under an ISC-like license, type "license" to see terms        |
 \----------------------------------------------------------------------------/
 Yosys 0.66 (git sha1 86f2ddebce7e98ce7cacc27e8a5c14cb53b51b51, clang++ 21.1.8 -fPIC -O3)

-- Running command `read_verilog /bundle/src/tt_um_leemperor_hardcaml_protemu.v; hierarchy -check -top tt_um_leemperor_hardcaml_protemu; synth -top tt_um_leemperor_hardcaml_protemu; stat' --

1. Executing Verilog-2005 frontend: /bundle/src/tt_um_leemperor_hardcaml_protemu.v
Parsing Verilog input from `/bundle/src/tt_um_leemperor_hardcaml_protemu.v' to AST representation.
Generating RTLIL representation for module `\tt_um_leemperor_hardcaml_protemu'.
Successfully finished Verilog frontend.

2. Executing HIERARCHY pass (managing design hierarchy).

2.1. Analyzing design hierarchy..
Top module:  \tt_um_leemperor_hardcaml_protemu

2.2. Analyzing design hierarchy..
Top module:  \tt_um_leemperor_hardcaml_protemu
Removed 0 unused modules.

3. Executing SYNTH pass.

3.1. Executing HIERARCHY pass (managing design hierarchy).

3.1.1. Analyzing design hierarchy..
Top module:  \tt_um_leemperor_hardcaml_protemu

3.1.2. Analyzing design hierarchy..
Top module:  \tt_um_leemperor_hardcaml_protemu
Removed 0 unused modules.

3.2. Executing PROC pass (convert processes to netlists).

3.2.1. Executing PROC_CLEAN pass (remove empty switches from decision trees).
Cleaned up 0 empty switches.

3.2.2. Executing PROC_RMDEAD pass (remove dead branches from decision trees).
Marked 1 switch rules as full_case in process $proc$/bundle/src/tt_um_leemperor_hardcaml_protemu.v:230$51 in module tt_um_leemperor_hardcaml_protemu.
Marked 1 switch rules as full_case in process $proc$/bundle/src/tt_um_leemperor_hardcaml_protemu.v:212$49 in module tt_um_leemperor_hardcaml_protemu.
Marked 1 switch rules as full_case in process $proc$/bundle/src/tt_um_leemperor_hardcaml_protemu.v:202$45 in module tt_um_leemperor_hardcaml_protemu.
Marked 1 switch rules as full_case in process $proc$/bundle/src/tt_um_leemperor_hardcaml_protemu.v:183$35 in module tt_um_leemperor_hardcaml_protemu.
Marked 1 switch rules as full_case in process $proc$/bundle/src/tt_um_leemperor_hardcaml_protemu.v:166$26 in module tt_um_leemperor_hardcaml_protemu.
Marked 1 switch rules as full_case in process $proc$/bundle/src/tt_um_leemperor_hardcaml_protemu.v:151$19 in module tt_um_leemperor_hardcaml_protemu.
Marked 1 switch rules as full_case in process $proc$/bundle/src/tt_um_leemperor_hardcaml_protemu.v:141$15 in module tt_um_leemperor_hardcaml_protemu.
Marked 1 switch rules as full_case in process $proc$/bundle/src/tt_um_leemperor_hardcaml_protemu.v:126$9 in module tt_um_leemperor_hardcaml_protemu.
Marked 1 switch rules as full_case in process $proc$/bundle/src/tt_um_leemperor_hardcaml_protemu.v:116$5 in module tt_um_leemperor_hardcaml_protemu.
Removed a total of 0 dead cases.

3.2.3. Executing PROC_PRUNE pass (remove redundant assignments in processes).
Removed 9 redundant assignments.
Promoted 0 assignments to connections.

3.2.4. Executing PROC_INIT pass (extract init attributes).

3.2.5. Executing PROC_ARST pass (detect async resets in processes).
Found async reset \signal_not_3 in `\tt_um_leemperor_hardcaml_protemu.$proc$/bundle/src/tt_um_leemperor_hardcaml_protemu.v:230$51'.

3.2.6. Executing PROC_ROM pass (convert switches to ROMs).
Converted 0 switches.
<suppressed ~8 debug messages>

3.2.7. Executing PROC_MUX pass (convert decision trees to multiplexers).
Creating decoders for process `\tt_um_leemperor_hardcaml_protemu.$proc$/bundle/src/tt_um_leemperor_hardcaml_protemu.v:230$51'.
     1/1: $0\signal_reg[1:0]
Creating decoders for process `\tt_um_leemperor_hardcaml_protemu.$proc$/bundle/src/tt_um_leemperor_hardcaml_protemu.v:212$49'.
     1/1: $0\reg_rejected[0:0]
Creating decoders for process `\tt_um_leemperor_hardcaml_protemu.$proc$/bundle/src/tt_um_leemperor_hardcaml_protemu.v:202$45'.
     1/1: $0\reg_busy[0:0]
Creating decoders for process `\tt_um_leemperor_hardcaml_protemu.$proc$/bundle/src/tt_um_leemperor_hardcaml_protemu.v:183$35'.
     1/1: $0\reg_timer[3:0]
Creating decoders for process `\tt_um_leemperor_hardcaml_protemu.$proc$/bundle/src/tt_um_leemperor_hardcaml_protemu.v:166$26'.
     1/1: $0\reg_done_[0:0]
Creating decoders for process `\tt_um_leemperor_hardcaml_protemu.$proc$/bundle/src/tt_um_leemperor_hardcaml_protemu.v:151$19'.
     1/1: $0\reg_pins[7:0]
Creating decoders for process `\tt_um_leemperor_hardcaml_protemu.$proc$/bundle/src/tt_um_leemperor_hardcaml_protemu.v:141$15'.
     1/1: $0\reg_pending_pin_value[7:0]
Creating decoders for process `\tt_um_leemperor_hardcaml_protemu.$proc$/bundle/src/tt_um_leemperor_hardcaml_protemu.v:126$9'.
     1/1: $0\reg_pin_oe[7:0]
Creating decoders for process `\tt_um_leemperor_hardcaml_protemu.$proc$/bundle/src/tt_um_leemperor_hardcaml_protemu.v:116$5'.
     1/1: $0\reg_pending_pin_oe[7:0]

3.2.8. Executing PROC_DLATCH pass (convert process syncs to latches).

3.2.9. Executing PROC_DFF pass (convert process syncs to FFs).
Creating register for signal `\tt_um_leemperor_hardcaml_protemu.\signal_reg' using process `\tt_um_leemperor_hardcaml_protemu.$proc$/bundle/src/tt_um_leemperor_hardcaml_protemu.v:230$51'.
  created $adff cell `$procdff$82' with positive edge clock and positive level reset.
Creating register for signal `\tt_um_leemperor_hardcaml_protemu.\reg_rejected' using process `\tt_um_leemperor_hardcaml_protemu.$proc$/bundle/src/tt_um_leemperor_hardcaml_protemu.v:212$49'.
  created $dff cell `$procdff$83' with positive edge clock.
Creating register for signal `\tt_um_leemperor_hardcaml_protemu.\reg_busy' using process `\tt_um_leemperor_hardcaml_protemu.$proc$/bundle/src/tt_um_leemperor_hardcaml_protemu.v:202$45'.
  created $dff cell `$procdff$84' with positive edge clock.
Creating register for signal `\tt_um_leemperor_hardcaml_protemu.\reg_timer' using process `\tt_um_leemperor_hardcaml_protemu.$proc$/bundle/src/tt_um_leemperor_hardcaml_protemu.v:183$35'.
  created $dff cell `$procdff$85' with positive edge clock.
Creating register for signal `\tt_um_leemperor_hardcaml_protemu.\reg_done_' using process `\tt_um_leemperor_hardcaml_protemu.$proc$/bundle/src/tt_um_leemperor_hardcaml_protemu.v:166$26'.
  created $dff cell `$procdff$86' with positive edge clock.
Creating register for signal `\tt_um_leemperor_hardcaml_protemu.\reg_pins' using process `\tt_um_leemperor_hardcaml_protemu.$proc$/bundle/src/tt_um_leemperor_hardcaml_protemu.v:151$19'.
  created $dff cell `$procdff$87' with positive edge clock.
Creating register for signal `\tt_um_leemperor_hardcaml_protemu.\reg_pending_pin_value' using process `\tt_um_leemperor_hardcaml_protemu.$proc$/bundle/src/tt_um_leemperor_hardcaml_protemu.v:141$15'.
  created $dff cell `$procdff$88' with positive edge clock.
Creating register for signal `\tt_um_leemperor_hardcaml_protemu.\reg_pin_oe' using process `\tt_um_leemperor_hardcaml_protemu.$proc$/bundle/src/tt_um_leemperor_hardcaml_protemu.v:126$9'.
  created $dff cell `$procdff$89' with positive edge clock.
Creating register for signal `\tt_um_leemperor_hardcaml_protemu.\reg_pending_pin_oe' using process `\tt_um_leemperor_hardcaml_protemu.$proc$/bundle/src/tt_um_leemperor_hardcaml_protemu.v:116$5'.
  created $dff cell `$procdff$90' with positive edge clock.

3.2.10. Executing PROC_MEMWR pass (convert process memory writes to cells).

3.2.11. Executing PROC_CLEAN pass (remove empty switches from decision trees).
Removing empty process `tt_um_leemperor_hardcaml_protemu.$proc$/bundle/src/tt_um_leemperor_hardcaml_protemu.v:230$51'.
Found and cleaned up 1 empty switch in `\tt_um_leemperor_hardcaml_protemu.$proc$/bundle/src/tt_um_leemperor_hardcaml_protemu.v:212$49'.
Removing empty process `tt_um_leemperor_hardcaml_protemu.$proc$/bundle/src/tt_um_leemperor_hardcaml_protemu.v:212$49'.
Found and cleaned up 1 empty switch in `\tt_um_leemperor_hardcaml_protemu.$proc$/bundle/src/tt_um_leemperor_hardcaml_protemu.v:202$45'.
Removing empty process `tt_um_leemperor_hardcaml_protemu.$proc$/bundle/src/tt_um_leemperor_hardcaml_protemu.v:202$45'.
Found and cleaned up 1 empty switch in `\tt_um_leemperor_hardcaml_protemu.$proc$/bundle/src/tt_um_leemperor_hardcaml_protemu.v:183$35'.
Removing empty process `tt_um_leemperor_hardcaml_protemu.$proc$/bundle/src/tt_um_leemperor_hardcaml_protemu.v:183$35'.
Found and cleaned up 1 empty switch in `\tt_um_leemperor_hardcaml_protemu.$proc$/bundle/src/tt_um_leemperor_hardcaml_protemu.v:166$26'.
Removing empty process `tt_um_leemperor_hardcaml_protemu.$proc$/bundle/src/tt_um_leemperor_hardcaml_protemu.v:166$26'.
Found and cleaned up 1 empty switch in `\tt_um_leemperor_hardcaml_protemu.$proc$/bundle/src/tt_um_leemperor_hardcaml_protemu.v:151$19'.
Removing empty process `tt_um_leemperor_hardcaml_protemu.$proc$/bundle/src/tt_um_leemperor_hardcaml_protemu.v:151$19'.
Found and cleaned up 1 empty switch in `\tt_um_leemperor_hardcaml_protemu.$proc$/bundle/src/tt_um_leemperor_hardcaml_protemu.v:141$15'.
Removing empty process `tt_um_leemperor_hardcaml_protemu.$proc$/bundle/src/tt_um_leemperor_hardcaml_protemu.v:141$15'.
Found and cleaned up 1 empty switch in `\tt_um_leemperor_hardcaml_protemu.$proc$/bundle/src/tt_um_leemperor_hardcaml_protemu.v:126$9'.
Removing empty process `tt_um_leemperor_hardcaml_protemu.$proc$/bundle/src/tt_um_leemperor_hardcaml_protemu.v:126$9'.
Found and cleaned up 1 empty switch in `\tt_um_leemperor_hardcaml_protemu.$proc$/bundle/src/tt_um_leemperor_hardcaml_protemu.v:116$5'.
Removing empty process `tt_um_leemperor_hardcaml_protemu.$proc$/bundle/src/tt_um_leemperor_hardcaml_protemu.v:116$5'.
Cleaned up 8 empty switches.

3.2.12. Executing OPT_EXPR pass (perform const folding).
Optimizing module tt_um_leemperor_hardcaml_protemu.
<suppressed ~11 debug messages>

3.3. Executing OPT_EXPR pass (perform const folding).
Optimizing module tt_um_leemperor_hardcaml_protemu.

3.4. Executing OPT_CLEAN pass (remove unused cells and wires).
Finding unused cells or wires in module \tt_um_leemperor_hardcaml_protemu..
Removed 2 unused cells and 66 unused wires.
<suppressed ~5 debug messages>

3.5. Executing CHECK pass (checking for obvious problems).
Checking module tt_um_leemperor_hardcaml_protemu...
Found and reported 0 problems.

3.6. Executing OPT pass (performing simple optimizations).

3.6.1. Executing OPT_EXPR pass (perform const folding).
Optimizing module tt_um_leemperor_hardcaml_protemu.

3.6.2. Executing OPT_MERGE pass (detect identical cells).
Finding identical cells in module `\tt_um_leemperor_hardcaml_protemu'.
Computing hashes of 61 cells of `\tt_um_leemperor_hardcaml_protemu'.
Finding duplicate cells in `\tt_um_leemperor_hardcaml_protemu'.
Computing hashes of 60 cells of `\tt_um_leemperor_hardcaml_protemu'.
Finding duplicate cells in `\tt_um_leemperor_hardcaml_protemu'.
<suppressed ~3 debug messages>
Removed a total of 1 cells.

3.6.3. Executing OPT_MUXTREE pass (detect dead branches in mux trees).
Running muxtree optimizer on module \tt_um_leemperor_hardcaml_protemu..
  Creating internal representation of mux trees.
  Evaluating internal representation of mux trees.
      Replacing known input bits on port A of cell $ternary$/bundle/src/tt_um_leemperor_hardcaml_protemu.v:190$37: \reg_busy -> 1'1
      Replacing known input bits on port A of cell $ternary$/bundle/src/tt_um_leemperor_hardcaml_protemu.v:198$42: \reg_busy -> 1'0
      Replacing known input bits on port B of cell $ternary$/bundle/src/tt_um_leemperor_hardcaml_protemu.v:193$39: \reg_busy -> 1'0
  Analyzing evaluation results.
Removed 0 multiplexer ports.
<suppressed ~53 debug messages>

3.6.4. Executing OPT_REDUCE pass (consolidate $*mux and $reduce_* inputs).
  Optimizing cells in module \tt_um_leemperor_hardcaml_protemu.
Performed a total of 0 changes.

3.6.5. Executing OPT_MERGE pass (detect identical cells).
Finding identical cells in module `\tt_um_leemperor_hardcaml_protemu'.
Computing hashes of 60 cells of `\tt_um_leemperor_hardcaml_protemu'.
Finding duplicate cells in `\tt_um_leemperor_hardcaml_protemu'.
Removed a total of 0 cells.

3.6.6. Executing OPT_DFF pass (perform DFF optimizations).

3.6.7. Executing OPT_CLEAN pass (remove unused cells and wires).
Finding unused cells or wires in module \tt_um_leemperor_hardcaml_protemu..

3.6.8. Executing OPT_EXPR pass (perform const folding).
Optimizing module tt_um_leemperor_hardcaml_protemu.

3.6.9. Finished fast OPT passes. (There is nothing left to do.)

3.7. Executing FSM pass (extract and optimize FSM).

3.7.1. Executing FSM_DETECT pass (finding FSMs in design).

3.7.2. Executing FSM_EXTRACT pass (extracting FSM from design).

3.7.3. Executing FSM_OPT pass (simple optimizations of FSMs).

3.7.4. Executing OPT_CLEAN pass (remove unused cells and wires).
Finding unused cells or wires in module \tt_um_leemperor_hardcaml_protemu..

3.7.5. Executing FSM_OPT pass (simple optimizations of FSMs).

3.7.6. Executing FSM_RECODE pass (re-assigning FSM state encoding).

3.7.7. Executing FSM_INFO pass (dumping all available information on FSM cells).

3.7.8. Executing FSM_MAP pass (mapping FSMs to basic logic).

3.8. Executing OPT pass (performing simple optimizations).

3.8.1. Executing OPT_EXPR pass (perform const folding).
Optimizing module tt_um_leemperor_hardcaml_protemu.

3.8.2. Executing OPT_MERGE pass (detect identical cells).
Finding identical cells in module `\tt_um_leemperor_hardcaml_protemu'.
Computing hashes of 60 cells of `\tt_um_leemperor_hardcaml_protemu'.
Finding duplicate cells in `\tt_um_leemperor_hardcaml_protemu'.
Removed a total of 0 cells.

3.8.3. Executing OPT_MUXTREE pass (detect dead branches in mux trees).
Running muxtree optimizer on module \tt_um_leemperor_hardcaml_protemu..
  Creating internal representation of mux trees.
  Evaluating internal representation of mux trees.
  Analyzing evaluation results.
Removed 0 multiplexer ports.
<suppressed ~53 debug messages>

3.8.4. Executing OPT_REDUCE pass (consolidate $*mux and $reduce_* inputs).
  Optimizing cells in module \tt_um_leemperor_hardcaml_protemu.
Performed a total of 0 changes.

3.8.5. Executing OPT_MERGE pass (detect identical cells).
Finding identical cells in module `\tt_um_leemperor_hardcaml_protemu'.
Computing hashes of 60 cells of `\tt_um_leemperor_hardcaml_protemu'.
Finding duplicate cells in `\tt_um_leemperor_hardcaml_protemu'.
Removed a total of 0 cells.

3.8.6. Executing OPT_DFF pass (perform DFF optimizations).
Adding SRST signal on $procdff$87 ($dff) from module tt_um_leemperor_hardcaml_protemu (D = \signal_mux_13, Q = \reg_pins, rval = 8'00000000).
Adding EN signal on $auto$ff.cc:337:slice$91 ($sdff) from module tt_um_leemperor_hardcaml_protemu (D = \reg_pending_pin_value, Q = \reg_pins).
Adding SRST signal on $procdff$89 ($dff) from module tt_um_leemperor_hardcaml_protemu (D = \signal_mux_5, Q = \reg_pin_oe, rval = 8'00000000).
Adding EN signal on $auto$ff.cc:337:slice$99 ($sdff) from module tt_um_leemperor_hardcaml_protemu (D = \reg_pending_pin_oe, Q = \reg_pin_oe).
Adding SRST signal on $procdff$88 ($dff) from module tt_um_leemperor_hardcaml_protemu (D = \signal_mux_11, Q = \reg_pending_pin_value, rval = 8'00000000).
Adding EN signal on $auto$ff.cc:337:slice$107 ($sdff) from module tt_um_leemperor_hardcaml_protemu (D = { 7'0000000 \ui_in [4] }, Q = \reg_pending_pin_value).
Adding SRST signal on $procdff$90 ($dff) from module tt_um_leemperor_hardcaml_protemu (D = \signal_mux_3, Q = \reg_pending_pin_oe, rval = 8'00000000).
Adding EN signal on $auto$ff.cc:337:slice$115 ($sdff) from module tt_um_leemperor_hardcaml_protemu (D = { 7'0000000 \ui_in [5] }, Q = \reg_pending_pin_oe).
Adding SRST signal on $procdff$83 ($dff) from module tt_um_leemperor_hardcaml_protemu (D = \signal_mux_19, Q = \reg_rejected, rval = 1'0).
Adding SRST signal on $procdff$84 ($dff) from module tt_um_leemperor_hardcaml_protemu (D = \signal_mux_29, Q = \reg_busy, rval = 1'0).
Adding SRST signal on $procdff$85 ($dff) from module tt_um_leemperor_hardcaml_protemu (D = \signal_mux_24, Q = \reg_timer, rval = 4'0000).
Adding EN signal on $auto$ff.cc:337:slice$135 ($sdff) from module tt_um_leemperor_hardcaml_protemu (D = \signal_mux_24, Q = \reg_timer).
Adding SRST signal on $procdff$86 ($dff) from module tt_um_leemperor_hardcaml_protemu (D = \signal_mux_16, Q = \reg_done_, rval = 1'0).
Setting constant 0-bit at position 1 on $auto$ff.cc:337:slice$116 ($sdffe) from module tt_um_leemperor_hardcaml_protemu.
Setting constant 0-bit at position 2 on $auto$ff.cc:337:slice$116 ($sdffe) from module tt_um_leemperor_hardcaml_protemu.
Setting constant 0-bit at position 3 on $auto$ff.cc:337:slice$116 ($sdffe) from module tt_um_leemperor_hardcaml_protemu.
Setting constant 0-bit at position 4 on $auto$ff.cc:337:slice$116 ($sdffe) from module tt_um_leemperor_hardcaml_protemu.
Setting constant 0-bit at position 5 on $auto$ff.cc:337:slice$116 ($sdffe) from module tt_um_leemperor_hardcaml_protemu.
Setting constant 0-bit at position 6 on $auto$ff.cc:337:slice$116 ($sdffe) from module tt_um_leemperor_hardcaml_protemu.
Setting constant 0-bit at position 7 on $auto$ff.cc:337:slice$116 ($sdffe) from module tt_um_leemperor_hardcaml_protemu.
Setting constant 0-bit at position 1 on $auto$ff.cc:337:slice$108 ($sdffe) from module tt_um_leemperor_hardcaml_protemu.
Setting constant 0-bit at position 2 on $auto$ff.cc:337:slice$108 ($sdffe) from module tt_um_leemperor_hardcaml_protemu.
Setting constant 0-bit at position 3 on $auto$ff.cc:337:slice$108 ($sdffe) from module tt_um_leemperor_hardcaml_protemu.
Setting constant 0-bit at position 4 on $auto$ff.cc:337:slice$108 ($sdffe) from module tt_um_leemperor_hardcaml_protemu.
Setting constant 0-bit at position 5 on $auto$ff.cc:337:slice$108 ($sdffe) from module tt_um_leemperor_hardcaml_protemu.
Setting constant 0-bit at position 6 on $auto$ff.cc:337:slice$108 ($sdffe) from module tt_um_leemperor_hardcaml_protemu.
Setting constant 0-bit at position 7 on $auto$ff.cc:337:slice$108 ($sdffe) from module tt_um_leemperor_hardcaml_protemu.

3.8.7. Executing OPT_CLEAN pass (remove unused cells and wires).
Finding unused cells or wires in module \tt_um_leemperor_hardcaml_protemu..
Removed 29 unused cells and 37 unused wires.
<suppressed ~59 debug messages>

3.8.8. Executing OPT_EXPR pass (perform const folding).
Optimizing module tt_um_leemperor_hardcaml_protemu.
<suppressed ~1 debug messages>

3.8.9. Rerunning OPT passes. (Maybe there is more to do..)

3.8.10. Executing OPT_MUXTREE pass (detect dead branches in mux trees).
Running muxtree optimizer on module \tt_um_leemperor_hardcaml_protemu..
  Creating internal representation of mux trees.
  Evaluating internal representation of mux trees.
  Analyzing evaluation results.
Removed 0 multiplexer ports.
<suppressed ~20 debug messages>

3.8.11. Executing OPT_REDUCE pass (consolidate $*mux and $reduce_* inputs).
  Optimizing cells in module \tt_um_leemperor_hardcaml_protemu.
Performed a total of 0 changes.

3.8.12. Executing OPT_MERGE pass (detect identical cells).
Finding identical cells in module `\tt_um_leemperor_hardcaml_protemu'.
Computing hashes of 56 cells of `\tt_um_leemperor_hardcaml_protemu'.
Finding duplicate cells in `\tt_um_leemperor_hardcaml_protemu'.
Computing hashes of 46 cells of `\tt_um_leemperor_hardcaml_protemu'.
Finding duplicate cells in `\tt_um_leemperor_hardcaml_protemu'.
Computing hashes of 42 cells of `\tt_um_leemperor_hardcaml_protemu'.
Finding duplicate cells in `\tt_um_leemperor_hardcaml_protemu'.
<suppressed ~42 debug messages>
Removed a total of 14 cells.

3.8.13. Executing OPT_DFF pass (perform DFF optimizations).
Setting constant 0-bit at position 1 on $auto$ff.cc:337:slice$104 ($sdffe) from module tt_um_leemperor_hardcaml_protemu.
Setting constant 0-bit at position 2 on $auto$ff.cc:337:slice$104 ($sdffe) from module tt_um_leemperor_hardcaml_protemu.
Setting constant 0-bit at position 3 on $auto$ff.cc:337:slice$104 ($sdffe) from module tt_um_leemperor_hardcaml_protemu.
Setting constant 0-bit at position 4 on $auto$ff.cc:337:slice$104 ($sdffe) from module tt_um_leemperor_hardcaml_protemu.
Setting constant 0-bit at position 5 on $auto$ff.cc:337:slice$104 ($sdffe) from module tt_um_leemperor_hardcaml_protemu.
Setting constant 0-bit at position 6 on $auto$ff.cc:337:slice$104 ($sdffe) from module tt_um_leemperor_hardcaml_protemu.
Setting constant 0-bit at position 7 on $auto$ff.cc:337:slice$104 ($sdffe) from module tt_um_leemperor_hardcaml_protemu.
Setting constant 0-bit at position 1 on $auto$ff.cc:337:slice$96 ($sdffe) from module tt_um_leemperor_hardcaml_protemu.
Setting constant 0-bit at position 2 on $auto$ff.cc:337:slice$96 ($sdffe) from module tt_um_leemperor_hardcaml_protemu.
Setting constant 0-bit at position 3 on $auto$ff.cc:337:slice$96 ($sdffe) from module tt_um_leemperor_hardcaml_protemu.
Setting constant 0-bit at position 4 on $auto$ff.cc:337:slice$96 ($sdffe) from module tt_um_leemperor_hardcaml_protemu.
Setting constant 0-bit at position 5 on $auto$ff.cc:337:slice$96 ($sdffe) from module tt_um_leemperor_hardcaml_protemu.
Setting constant 0-bit at position 6 on $auto$ff.cc:337:slice$96 ($sdffe) from module tt_um_leemperor_hardcaml_protemu.
Setting constant 0-bit at position 7 on $auto$ff.cc:337:slice$96 ($sdffe) from module tt_um_leemperor_hardcaml_protemu.

3.8.14. Executing OPT_CLEAN pass (remove unused cells and wires).
Finding unused cells or wires in module \tt_um_leemperor_hardcaml_protemu..
Removed 0 unused cells and 14 unused wires.
<suppressed ~1 debug messages>

3.8.15. Executing OPT_EXPR pass (perform const folding).
Optimizing module tt_um_leemperor_hardcaml_protemu.

3.8.16. Rerunning OPT passes. (Maybe there is more to do..)

3.8.17. Executing OPT_MUXTREE pass (detect dead branches in mux trees).
Running muxtree optimizer on module \tt_um_leemperor_hardcaml_protemu..
  Creating internal representation of mux trees.
  Evaluating internal representation of mux trees.
  Analyzing evaluation results.
Removed 0 multiplexer ports.
<suppressed ~20 debug messages>

3.8.18. Executing OPT_REDUCE pass (consolidate $*mux and $reduce_* inputs).
  Optimizing cells in module \tt_um_leemperor_hardcaml_protemu.
Performed a total of 0 changes.

3.8.19. Executing OPT_MERGE pass (detect identical cells).
Finding identical cells in module `\tt_um_leemperor_hardcaml_protemu'.
Computing hashes of 42 cells of `\tt_um_leemperor_hardcaml_protemu'.
Finding duplicate cells in `\tt_um_leemperor_hardcaml_protemu'.
Removed a total of 0 cells.

3.8.20. Executing OPT_DFF pass (perform DFF optimizations).

3.8.21. Executing OPT_CLEAN pass (remove unused cells and wires).
Finding unused cells or wires in module \tt_um_leemperor_hardcaml_protemu..

3.8.22. Executing OPT_EXPR pass (perform const folding).
Optimizing module tt_um_leemperor_hardcaml_protemu.

3.8.23. Finished fast OPT passes. (There is nothing left to do.)

3.9. Executing WREDUCE pass (reducing word size of cells).
Removed top 1 bits (of 2) from port B of cell tt_um_leemperor_hardcaml_protemu.$auto$opt_dff.cc:235:make_patterns_logic$142 ($ne).
Removed top 7 bits (of 8) from mux cell tt_um_leemperor_hardcaml_protemu.$ternary$/bundle/src/tt_um_leemperor_hardcaml_protemu.v:132$10 ($mux).
Removed top 7 bits (of 8) from mux cell tt_um_leemperor_hardcaml_protemu.$ternary$/bundle/src/tt_um_leemperor_hardcaml_protemu.v:157$20 ($mux).
Removed top 3 bits (of 4) from port B of cell tt_um_leemperor_hardcaml_protemu.$sub$/bundle/src/tt_um_leemperor_hardcaml_protemu.v:176$29 ($sub).
Removed top 3 bits (of 4) from port B of cell tt_um_leemperor_hardcaml_protemu.$eq$/bundle/src/tt_um_leemperor_hardcaml_protemu.v:189$36 ($eq).
Removed top 7 bits (of 8) from wire tt_um_leemperor_hardcaml_protemu.signal_mux_15.
Removed top 7 bits (of 8) from wire tt_um_leemperor_hardcaml_protemu.reg_pins.
Removed top 7 bits (of 8) from wire tt_um_leemperor_hardcaml_protemu.reg_pending_pin_value.
Removed top 7 bits (of 8) from wire tt_um_leemperor_hardcaml_protemu.signal_mux_7.
Removed top 7 bits (of 8) from wire tt_um_leemperor_hardcaml_protemu.reg_pin_oe.
Removed top 7 bits (of 8) from wire tt_um_leemperor_hardcaml_protemu.reg_pending_pin_oe.

3.10. Executing PEEPOPT pass (run peephole optimizers).

3.11. Executing OPT_CLEAN pass (remove unused cells and wires).
Finding unused cells or wires in module \tt_um_leemperor_hardcaml_protemu..
Removed 0 unused cells and 6 unused wires.
<suppressed ~1 debug messages>

3.12. Executing ALUMACC pass (create $alu and $macc cells).
Extracting $alu and $macc cells in module tt_um_leemperor_hardcaml_protemu:
  creating $macc model for $sub$/bundle/src/tt_um_leemperor_hardcaml_protemu.v:176$29 ($sub).
  creating $alu model for $macc $sub$/bundle/src/tt_um_leemperor_hardcaml_protemu.v:176$29.
  creating $alu model for $eq$/bundle/src/tt_um_leemperor_hardcaml_protemu.v:189$36 ($eq): merged with $sub$/bundle/src/tt_um_leemperor_hardcaml_protemu.v:176$29.
  creating $alu cell for $sub$/bundle/src/tt_um_leemperor_hardcaml_protemu.v:176$29, $eq$/bundle/src/tt_um_leemperor_hardcaml_protemu.v:189$36: $auto$alumacc.cc:512:replace_alu$164
  created 1 $alu and 0 $macc cells.

3.13. Executing SHARE pass (SAT-based resource sharing).

3.14. Executing OPT pass (performing simple optimizations).

3.14.1. Executing OPT_EXPR pass (perform const folding).
Optimizing module tt_um_leemperor_hardcaml_protemu.

3.14.2. Executing OPT_MERGE pass (detect identical cells).
Finding identical cells in module `\tt_um_leemperor_hardcaml_protemu'.
Computing hashes of 42 cells of `\tt_um_leemperor_hardcaml_protemu'.
Finding duplicate cells in `\tt_um_leemperor_hardcaml_protemu'.
Removed a total of 0 cells.

3.14.3. Executing OPT_MUXTREE pass (detect dead branches in mux trees).
Running muxtree optimizer on module \tt_um_leemperor_hardcaml_protemu..
  Creating internal representation of mux trees.
  Evaluating internal representation of mux trees.
  Analyzing evaluation results.
Removed 0 multiplexer ports.
<suppressed ~20 debug messages>

3.14.4. Executing OPT_REDUCE pass (consolidate $*mux and $reduce_* inputs).
  Optimizing cells in module \tt_um_leemperor_hardcaml_protemu.
    New input vector for $reduce_and cell $auto$opt_dff.cc:252:make_patterns_logic$98: { \reg_busy $auto$alumacc.cc:528:replace_alu$165 }
  Optimizing cells in module \tt_um_leemperor_hardcaml_protemu.
Performed a total of 1 changes.

3.14.5. Executing OPT_MERGE pass (detect identical cells).
Finding identical cells in module `\tt_um_leemperor_hardcaml_protemu'.
Computing hashes of 42 cells of `\tt_um_leemperor_hardcaml_protemu'.
Finding duplicate cells in `\tt_um_leemperor_hardcaml_protemu'.
Removed a total of 0 cells.

3.14.6. Executing OPT_DFF pass (perform DFF optimizations).

3.14.7. Executing OPT_CLEAN pass (remove unused cells and wires).
Finding unused cells or wires in module \tt_um_leemperor_hardcaml_protemu..
Removed 0 unused cells and 1 unused wires.
<suppressed ~1 debug messages>

3.14.8. Executing OPT_EXPR pass (perform const folding).
Optimizing module tt_um_leemperor_hardcaml_protemu.

3.14.9. Rerunning OPT passes. (Maybe there is more to do..)

3.14.10. Executing OPT_MUXTREE pass (detect dead branches in mux trees).
Running muxtree optimizer on module \tt_um_leemperor_hardcaml_protemu..
  Creating internal representation of mux trees.
  Evaluating internal representation of mux trees.
  Analyzing evaluation results.
Removed 0 multiplexer ports.
<suppressed ~20 debug messages>

3.14.11. Executing OPT_REDUCE pass (consolidate $*mux and $reduce_* inputs).
  Optimizing cells in module \tt_um_leemperor_hardcaml_protemu.
Performed a total of 0 changes.

3.14.12. Executing OPT_MERGE pass (detect identical cells).
Finding identical cells in module `\tt_um_leemperor_hardcaml_protemu'.
Computing hashes of 42 cells of `\tt_um_leemperor_hardcaml_protemu'.
Finding duplicate cells in `\tt_um_leemperor_hardcaml_protemu'.
Removed a total of 0 cells.

3.14.13. Executing OPT_DFF pass (perform DFF optimizations).

3.14.14. Executing OPT_CLEAN pass (remove unused cells and wires).
Finding unused cells or wires in module \tt_um_leemperor_hardcaml_protemu..

3.14.15. Executing OPT_EXPR pass (perform const folding).
Optimizing module tt_um_leemperor_hardcaml_protemu.

3.14.16. Finished fast OPT passes. (There is nothing left to do.)

3.15. Executing MEMORY pass.

3.15.1. Executing OPT_MEM pass (optimize memories).
Performed a total of 0 transformations.

3.15.2. Executing OPT_MEM_PRIORITY pass (removing unnecessary memory write priority relations).
Performed a total of 0 transformations.

3.15.3. Executing OPT_MEM_FEEDBACK pass (finding memory read-to-write feedback paths).

3.15.4. Executing MEMORY_BMUX2ROM pass (converting muxes to ROMs).

3.15.5. Executing MEMORY_DFF pass (merging $dff cells to $memrd).

3.15.6. Executing OPT_CLEAN pass (remove unused cells and wires).
Finding unused cells or wires in module \tt_um_leemperor_hardcaml_protemu..

3.15.7. Executing MEMORY_SHARE pass (consolidating $memrd/$memwr cells).

3.15.8. Executing OPT_MEM_WIDEN pass (optimize memories where all ports are wide).
Performed a total of 0 transformations.

3.15.9. Executing OPT_CLEAN pass (remove unused cells and wires).
Finding unused cells or wires in module \tt_um_leemperor_hardcaml_protemu..

3.15.10. Executing MEMORY_COLLECT pass (generating $mem cells).

3.16. Executing OPT_CLEAN pass (remove unused cells and wires).
Finding unused cells or wires in module \tt_um_leemperor_hardcaml_protemu..

3.17. Executing OPT pass (performing simple optimizations).

3.17.1. Executing OPT_EXPR pass (perform const folding).
Optimizing module tt_um_leemperor_hardcaml_protemu.
<suppressed ~9 debug messages>

3.17.2. Executing OPT_MERGE pass (detect identical cells).
Finding identical cells in module `\tt_um_leemperor_hardcaml_protemu'.
Computing hashes of 38 cells of `\tt_um_leemperor_hardcaml_protemu'.
Finding duplicate cells in `\tt_um_leemperor_hardcaml_protemu'.
Computing hashes of 37 cells of `\tt_um_leemperor_hardcaml_protemu'.
Finding duplicate cells in `\tt_um_leemperor_hardcaml_protemu'.
<suppressed ~3 debug messages>
Removed a total of 1 cells.

3.17.3. Executing OPT_DFF pass (perform DFF optimizations).

3.17.4. Executing OPT_CLEAN pass (remove unused cells and wires).
Finding unused cells or wires in module \tt_um_leemperor_hardcaml_protemu..
Removed 0 unused cells and 1 unused wires.
<suppressed ~1 debug messages>

3.17.5. Finished fast OPT passes.

3.18. Executing MEMORY_MAP pass (converting memories to logic and flip-flops).

3.19. Executing OPT pass (performing simple optimizations).

3.19.1. Executing OPT_EXPR pass (perform const folding).
Optimizing module tt_um_leemperor_hardcaml_protemu.

3.19.2. Executing OPT_MERGE pass (detect identical cells).
Finding identical cells in module `\tt_um_leemperor_hardcaml_protemu'.
Computing hashes of 37 cells of `\tt_um_leemperor_hardcaml_protemu'.
Finding duplicate cells in `\tt_um_leemperor_hardcaml_protemu'.
Removed a total of 0 cells.

3.19.3. Executing OPT_MUXTREE pass (detect dead branches in mux trees).
Running muxtree optimizer on module \tt_um_leemperor_hardcaml_protemu..
  Creating internal representation of mux trees.
  Evaluating internal representation of mux trees.
  Analyzing evaluation results.
Removed 0 multiplexer ports.
<suppressed ~7 debug messages>

3.19.4. Executing OPT_REDUCE pass (consolidate $*mux and $reduce_* inputs).
  Optimizing cells in module \tt_um_leemperor_hardcaml_protemu.
Performed a total of 0 changes.

3.19.5. Executing OPT_MERGE pass (detect identical cells).
Finding identical cells in module `\tt_um_leemperor_hardcaml_protemu'.
Computing hashes of 37 cells of `\tt_um_leemperor_hardcaml_protemu'.
Finding duplicate cells in `\tt_um_leemperor_hardcaml_protemu'.
Removed a total of 0 cells.

3.19.6. Executing OPT_SHARE pass.

3.19.7. Executing OPT_DFF pass (perform DFF optimizations).

3.19.8. Executing OPT_CLEAN pass (remove unused cells and wires).
Finding unused cells or wires in module \tt_um_leemperor_hardcaml_protemu..

3.19.9. Executing OPT_EXPR pass (perform const folding).
Optimizing module tt_um_leemperor_hardcaml_protemu.

3.19.10. Finished fast OPT passes. (There is nothing left to do.)

3.20. Executing TECHMAP pass (map to technology primitives).

3.20.1. Executing Verilog-2005 frontend: /nix/store/a9l8l27f050y0ah3jilxkzxwrkfi561z-yosys-0.66/bin/../share/yosys/techmap.v
Parsing Verilog input from `/nix/store/a9l8l27f050y0ah3jilxkzxwrkfi561z-yosys-0.66/bin/../share/yosys/techmap.v' to AST representation.
Generating RTLIL representation for module `\_90_simplemap_bool_ops'.
Generating RTLIL representation for module `\_90_simplemap_reduce_ops'.
Generating RTLIL representation for module `\_90_simplemap_logic_ops'.
Generating RTLIL representation for module `\_90_simplemap_compare_ops'.
Generating RTLIL representation for module `\_90_simplemap_various'.
Generating RTLIL representation for module `\_90_simplemap_registers'.
Generating RTLIL representation for module `\_90_shift_ops_shr_shl_sshl_sshr'.
Generating RTLIL representation for module `\_90_shift_shiftx'.
Generating RTLIL representation for module `\_90_fa'.
Generating RTLIL representation for module `\_90_lcu_brent_kung'.
Generating RTLIL representation for module `\_90_alu'.
Generating RTLIL representation for module `\_90_macc'.
Generating RTLIL representation for module `\_90_alumacc'.
Generating RTLIL representation for module `$__div_mod_u'.
Generating RTLIL representation for module `$__div_mod_trunc'.
Generating RTLIL representation for module `\_90_div'.
Generating RTLIL representation for module `\_90_mod'.
Generating RTLIL representation for module `$__div_mod_floor'.
Generating RTLIL representation for module `\_90_divfloor'.
Generating RTLIL representation for module `\_90_modfloor'.
Generating RTLIL representation for module `\_90_pow'.
Generating RTLIL representation for module `\_90_demux'.
Generating RTLIL representation for module `\_90_lut'.
Generating RTLIL representation for module `$connect'.
Generating RTLIL representation for module `$input_port'.
Successfully finished Verilog frontend.

3.20.2. Continuing TECHMAP pass.
Using extmapper simplemap for cells of type $reduce_and.
Using template $paramod$8742280fdebca84e1c87f2a86ed84f62d558f4cc\_90_alu for cells of type $alu.
Using extmapper simplemap for cells of type $sdffe.
Using extmapper simplemap for cells of type $reduce_or.
Using extmapper simplemap for cells of type $sdff.
Using extmapper simplemap for cells of type $reduce_bool.
Using extmapper simplemap for cells of type $ne.
Using extmapper simplemap for cells of type $not.
Using extmapper simplemap for cells of type $and.
Using extmapper simplemap for cells of type $mux.
Using extmapper simplemap for cells of type $logic_not.
Using extmapper simplemap for cells of type $adff.
Using extmapper simplemap for cells of type $xor.
Using template $paramod\_90_fa\WIDTH=32'00000000000000000000000000000100 for cells of type $fa.
Using template $paramod\_90_lcu_brent_kung\WIDTH=32'00000000000000000000000000000100 for cells of type $lcu.
Using extmapper simplemap for cells of type $pos.
Using extmapper simplemap for cells of type $or.
No more expansions possible.
<suppressed ~278 debug messages>

3.21. Executing OPT pass (performing simple optimizations).

3.21.1. Executing OPT_EXPR pass (perform const folding).
Optimizing module tt_um_leemperor_hardcaml_protemu.
<suppressed ~36 debug messages>

3.21.2. Executing OPT_MERGE pass (detect identical cells).
Finding identical cells in module `\tt_um_leemperor_hardcaml_protemu'.
Computing hashes of 81 cells of `\tt_um_leemperor_hardcaml_protemu'.
Finding duplicate cells in `\tt_um_leemperor_hardcaml_protemu'.
Computing hashes of 75 cells of `\tt_um_leemperor_hardcaml_protemu'.
Finding duplicate cells in `\tt_um_leemperor_hardcaml_protemu'.
Computing hashes of 74 cells of `\tt_um_leemperor_hardcaml_protemu'.
Finding duplicate cells in `\tt_um_leemperor_hardcaml_protemu'.
<suppressed ~21 debug messages>
Removed a total of 7 cells.

3.21.3. Executing OPT_DFF pass (perform DFF optimizations).

3.21.4. Executing OPT_CLEAN pass (remove unused cells and wires).
Finding unused cells or wires in module \tt_um_leemperor_hardcaml_protemu..
Removed 4 unused cells and 64 unused wires.
<suppressed ~5 debug messages>

3.21.5. Finished fast OPT passes.

3.22. Executing ABC pass (technology mapping using ABC).

3.22.1. Extracting gate netlist of module `\tt_um_leemperor_hardcaml_protemu' to `<abc-temp-dir>/input.blif'..

3.22.1.1. Executed ABC.
Extracted 57 gates and 75 wires to a netlist network with 17 inputs and 23 outputs.
Running ABC script: <abc-temp-dir>/abc.script
ABC: ======== ABC command line "source <abc-temp-dir>/abc.script"
ABC: + read_blif <abc-temp-dir>/input.blif 
ABC: + read_library <abc-temp-dir>/stdcells.genlib 
ABC: + strash 
ABC: + &get -n 
ABC: + &fraig -x 
ABC: + &put 
ABC: + scorr 
ABC: Warning: The network is combinational (run "fraig" or "fraig_sweep").
ABC: + dc2 
ABC: + dretime 
ABC: + strash 
ABC: + &get -n 
ABC: + &dch -f 
ABC: + &nf 
ABC: + &put 
ABC: + write_blif <abc-temp-dir>/output.blif 

3.22.1.2. Re-integrating ABC results.
ABC RESULTS:               AND cells:       15
ABC RESULTS:            ANDNOT cells:        6
ABC RESULTS:               MUX cells:        4
ABC RESULTS:              NAND cells:        2
ABC RESULTS:               NOR cells:        3
ABC RESULTS:               NOT cells:        2
ABC RESULTS:                OR cells:        4
ABC RESULTS:              XNOR cells:        3
ABC RESULTS:        internal signals:       35
ABC RESULTS:           input signals:       17
ABC RESULTS:          output signals:       23
Removing temp directory.
Removing global temp directory.

3.23. Executing OPT pass (performing simple optimizations).

3.23.1. Executing OPT_EXPR pass (perform const folding).
Optimizing module tt_um_leemperor_hardcaml_protemu.

3.23.2. Executing OPT_MERGE pass (detect identical cells).
Finding identical cells in module `\tt_um_leemperor_hardcaml_protemu'.
Computing hashes of 52 cells of `\tt_um_leemperor_hardcaml_protemu'.
Finding duplicate cells in `\tt_um_leemperor_hardcaml_protemu'.
Removed a total of 0 cells.

3.23.3. Executing OPT_DFF pass (perform DFF optimizations).

3.23.4. Executing OPT_CLEAN pass (remove unused cells and wires).
Finding unused cells or wires in module \tt_um_leemperor_hardcaml_protemu..
Removed 0 unused cells and 63 unused wires.
<suppressed ~13 debug messages>

3.23.5. Finished fast OPT passes.

3.24. Executing HIERARCHY pass (managing design hierarchy).
Attribute `top' found on module `tt_um_leemperor_hardcaml_protemu'. Setting top module to tt_um_leemperor_hardcaml_protemu.

3.24.1. Analyzing design hierarchy..
Top module:  \tt_um_leemperor_hardcaml_protemu

3.24.2. Analyzing design hierarchy..
Top module:  \tt_um_leemperor_hardcaml_protemu
Removed 0 unused modules.

3.25. Printing statistics.

=== tt_um_leemperor_hardcaml_protemu ===

        +----------Local Count, excluding submodules.
        | 
       72 wires
      180 wire bits
       50 public wires
      158 public wire bits
        8 ports
       43 port bits
       52 cells
        6   $_ANDNOT_
       15   $_AND_
        2   $_DFF_PN1_
        4   $_MUX_
        2   $_NAND_
        3   $_NOR_
        2   $_NOT_
        4   $_OR_
        8   $_SDFFE_PP0P_
        3   $_SDFF_PP0_
        3   $_XNOR_

3.26. Executing CHECK pass (checking for obvious problems).
Checking module tt_um_leemperor_hardcaml_protemu...
Found and reported 0 problems.

4. Printing statistics.

=== tt_um_leemperor_hardcaml_protemu ===

        +----------Local Count, excluding submodules.
        | 
       72 wires
      180 wire bits
       50 public wires
      158 public wire bits
        8 ports
       43 port bits
       52 cells
        6   $_ANDNOT_
       15   $_AND_
        2   $_DFF_PN1_
        4   $_MUX_
        2   $_NAND_
        3   $_NOR_
        2   $_NOT_
        4   $_OR_
        8   $_SDFFE_PP0P_
        3   $_SDFF_PP0_
        3   $_XNOR_

End of script. Logfile hash: 5310e57d10, time: 0.09s, user: 0.07s, system: 0.03s, MEM: 31.25 MB peak
Yosys 0.66 (git sha1 86f2ddebce7e98ce7cacc27e8a5c14cb53b51b51, clang++ 21.1.8 -fPIC -O3)
Time spent: 55% 1x abc (0 sec), 12% 3x read_verilog (0 sec), ...
PASS repeatable bundle, manifest, metadata, and conflict checks
PASS emitted RTL wrapper trace, lint, and synthesis (sha256:d109140b8f17fc54f4fca998beb8124f4949404ec52e339eebd2250854a18b5a)
