flow: output directory /tmp/opencode/p54-scaf-8d3ada1-20260920/tinytapeout/build/p54-clean-observable-20260920

== emit bundle into /tmp/opencode/p54-scaf-8d3ada1-20260920/tinytapeout/build/p54-clean-observable-20260920/bundle
/tmp/opencode/p54-scaf-8d3ada1-20260920/tinytapeout/build/p54-clean-observable-20260920/bundle 85729c18ca404a4b45dd8b1e97ea5833ad3677614b2064b222b38e9c17f575fe

== preflight
{
  "actual": {
    "container_python": "3.13.13",
    "docker_server": "29.8.1",
    "librelane": "3.1.0.dev3",
    "librelane_image": "sha256:d109140b8f17fc54f4fca998beb8124f4949404ec52e339eebd2250854a18b5a",
    "python": "3.12.3"
  },
  "consumer_pins": {
    "asic_revision": "a257424c3ae31fd6ee10cea052cc7577f15d2677",
    "toolchain_lock_sha256": "2df08bb3f96e7015234f3aff11dc5abb4438e935e410f5e4cdb05d60bbcf4dde"
  },
  "issues": [],
  "pdk_root": "/home/wayne/devel/jane/scaf/tinytapeout/pdk",
  "python": "/home/wayne/devel/jane/scaf/.venv/bin/python",
  "ready": true,
  "references": [
    {
      "path": "/home/wayne/devel/jane/scaf/tinytapeout/tt/tech/ihp-sg13cmos5l/def/tt_block_6x4_pgvdd.def",
      "role": "Floorplan_def",
      "sha256": "b46d9a0ee8352160e48dbc8312f092f985629061df736c7f46d58686535a76f4"
    },
    {
      "path": "/home/wayne/devel/jane/scaf/tinytapeout/pdk/ihp-sg13cmos5l/libs.tech/librelane/config.tcl",
      "role": "(Technology_view Pdk_configuration)",
      "sha256": "e519dbab28573f2a1cb9f5b78abee506f1dd8b5f502afa0908e61842403e3c32"
    },
    {
      "path": "/home/wayne/devel/jane/scaf/tinytapeout/pdk/ihp-sg13cmos5l/libs.ref/sg13cmos5l_stdcell/lef/sg13cmos5l_tech.lef",
      "role": "(Technology_view Technology_lef)",
      "sha256": "3edd5a1ad31e8307be537d0d1b85c3258fefeb21aac04aaa476e4f72de4cffd5"
    },
    {
      "path": "/home/wayne/devel/jane/scaf/tinytapeout/pdk/ihp-sg13cmos5l/libs.ref/sg13cmos5l_stdcell/lef/sg13cmos5l_stdcell.lef",
      "role": "(Technology_view Standard_cell_lef)",
      "sha256": "c47c436758ae87288324aa1f5a84fcc8faf813bf19df1a400b32258fff4e1219"
    },
    {
      "path": "/home/wayne/devel/jane/scaf/tinytapeout/pdk/ihp-sg13cmos5l/libs.ref/sg13cmos5l_stdcell/gds/sg13cmos5l_stdcell.gds",
      "role": "(Technology_view Standard_cell_gds)",
      "sha256": "54fd3679e868e1e5ac73fc738a5797b76b1b5739c201f8d73f9a25be30f4c94a"
    },
    {
      "path": "/home/wayne/devel/jane/scaf/tinytapeout/pdk/ihp-sg13cmos5l/libs.ref/sg13cmos5l_stdcell/verilog/sg13cmos5l_stdcell.v",
      "role": "(Technology_view Standard_cell_verilog)",
      "sha256": "b0adbc84c8f78feb01c3d8d9d55e9818ee6502347d336f3a1f846e6a5d64e0a2"
    },
    {
      "path": "/home/wayne/devel/jane/scaf/tinytapeout/pdk/ihp-sg13cmos5l/libs.ref/sg13cmos5l_stdcell/lib/sg13cmos5l_stdcell_typ_1p20V_25C.lib",
      "role": "(Technology_view Standard_cell_liberty)",
      "sha256": "34163f3e7de9f854afac57332ba06f1739b78e7ac35660a8a5ddd39c570124ad"
    }
  ],
  "requested": {
    "librelane": "3.1.0.dev3",
    "pdk_revision": "2bbec755dc67ca3db0261c3d6163e15735d66710",
    "python": "3.11",
    "support_tools_revision": "da63c9927411e3aca350977d653d24bbf5bca972"
  },
  "runner_sha256": "16adef537e088699559641da31b9b7144c337c8884d716cc0e0303e8cd6b0e4c",
  "support_tools": "/home/wayne/devel/jane/scaf/tinytapeout/tt",
  "waivers": [
    "Python 3.12.3; requested 3.11",
    "container Python 3.13.13; requested 3.11"
  ]
}

== summary
  emit                       1s
  preflight                  0s
  end to end                 1s

  output             /tmp/opencode/p54-scaf-8d3ada1-20260920/tinytapeout/build/p54-clean-observable-20260920
  bundle             /tmp/opencode/p54-scaf-8d3ada1-20260920/tinytapeout/build/p54-clean-observable-20260920/bundle
  preflight          /tmp/opencode/p54-scaf-8d3ada1-20260920/tinytapeout/build/p54-clean-observable-20260920/preflight.json
  exit status 0
